../Core/Src/main.c:93:5:main	32	static
../Core/Src/main.c:175:6:SystemClock_Config	88	static
../Core/Src/main.c:222:13:MX_ADC1_Init	56	static
../Core/Src/main.c:299:13:MX_LPUART1_UART_Init	8	static
../Core/Src/main.c:346:13:MX_TIM1_Init	120	static
../Core/Src/main.c:428:13:MX_TIM2_Init	40	static
../Core/Src/main.c:471:13:MX_DMA_Init	16	static
../Core/Src/main.c:490:13:MX_GPIO_Init	48	static
../Core/Src/main.c:537:7:PlantSimulation	40	static
../Core/Src/main.c:549:5:suminone	24	static
../Core/Src/main.c:566:6:Error_Handler	4	static,ignoring_inline_asm
