../Core/Src/main.c:156:5:main	8	static
../Core/Src/main.c:258:6:SystemClock_Config	88	static
../Core/Src/main.c:305:13:MX_ADC1_Init	56	static
../Core/Src/main.c:382:13:MX_LPUART1_UART_Init	8	static
../Core/Src/main.c:429:13:MX_TIM1_Init	56	static
../Core/Src/main.c:480:13:MX_TIM2_Init	40	static
../Core/Src/main.c:525:13:MX_TIM3_Init	40	static
../Core/Src/main.c:570:13:MX_TIM5_Init	64	static
../Core/Src/main.c:627:13:MX_DMA_Init	16	static
../Core/Src/main.c:646:13:MX_GPIO_Init	48	static
../Core/Src/main.c:730:6:sensor	4	static
../Core/Src/main.c:735:6:reset_pos	8	static
../Core/Src/main.c:770:6:HAL_GPIO_EXTI_Callback	16	static
../Core/Src/main.c:777:6:changeUnit	16	static
../Core/Src/main.c:781:6:HomemadePID	8	static
../Core/Src/main.c:861:6:speedread	16	static
../Core/Src/main.c:867:6:Trajectory	16	static
../Core/Src/main.c:1009:6:Error_Handler	4	static,ignoring_inline_asm
